// Jest Snapshot v1, https://goo.gl/fbAQLP

exports[`should correctly render Header 1`] = `
<header
  className="header"
>
  <div
    className="header__content"
  >
    <Link
      className="header__title"
      replace={false}
      to="/dashboard"
    >
      <h1>
        Agent Toolkit
      </h1>
    </Link>
    <div>
      <button
        className="button button--link"
        onClick={[Function]}
      >
        Test User
        <i
          className="arrow down"
        />
      </button>
    </div>
  </div>
</header>
`;
