// Jest Snapshot v1, https://goo.gl/fbAQLP

exports[`should correctly render LoginPage 1`] = `
<div>
  <div>
    <div
      className="box-layout"
    >
      <div
        className="box-layout__box"
      >
        <h1
          className="box-layout__title"
        >
          Agent Toolkit
        </h1>
        <button
          className="button"
          onClick={[Function]}
        >
          Login
        </button>
      </div>
    </div>
  </div>
</div>
`;
